// Jest Snapshot v1, https://goo.gl/fbAQLP

exports[`Testing Navbar component Testing with Snapshot 1`] = `
<header>
  <nav
    className="top"
  >
    <div
      className="logo"
    >
      <a
        aria-current="page"
        className="s"
        href="/"
        onClick={[Function]}
      >
         
        <h1>
          Math Magician
        </h1>
      </a>
    </div>
    <ul
      className="navbar"
    >
      <li
        className="nav-link "
      >
        <a
          aria-current="page"
          className="link"
          href="/"
          onClick={[Function]}
        >
          Home
        </a>
      </li>
      <li
        className="nav-link"
      >
        <a
          className=""
          href="/calculator"
          onClick={[Function]}
        >
          Calculator
        </a>
      </li>
      <li
        className="nav-link"
      >
        <a
          className=""
          href="/quotes"
          onClick={[Function]}
        >
          Quotes
        </a>
      </li>
    </ul>
  </nav>
</header>
`;
